Archive member included to satisfy reference by file (symbol)

c:/st/stm32cubeide_1.12.1/stm32cubeide/plugins/com.st.stm32cube.ide.mcu.externaltools.gnu-tools-for-stm32.10.3-2021.10.win32_1.0.200.202301161003/tools/bin/../lib/gcc/arm-none-eabi/10.3.1/../../../../arm-none-eabi/lib/thumb/v7e-m+fp/hard\libc_nano.a(lib_a-errno.o)
                              ./Core/Src/syscalls.o (__errno)
c:/st/stm32cubeide_1.12.1/stm32cubeide/plugins/com.st.stm32cube.ide.mcu.externaltools.gnu-tools-for-stm32.10.3-2021.10.win32_1.0.200.202301161003/tools/bin/../lib/gcc/arm-none-eabi/10.3.1/../../../../arm-none-eabi/lib/thumb/v7e-m+fp/hard\libc_nano.a(lib_a-exit.o)
                              c:/st/stm32cubeide_1.12.1/stm32cubeide/plugins/com.st.stm32cube.ide.mcu.externaltools.gnu-tools-for-stm32.10.3-2021.10.win32_1.0.200.202301161003/tools/bin/../lib/gcc/arm-none-eabi/10.3.1/../../../../arm-none-eabi/lib/thumb/v7e-m+fp/hard/crt0.o (exit)
c:/st/stm32cubeide_1.12.1/stm32cubeide/plugins/com.st.stm32cube.ide.mcu.externaltools.gnu-tools-for-stm32.10.3-2021.10.win32_1.0.200.202301161003/tools/bin/../lib/gcc/arm-none-eabi/10.3.1/../../../../arm-none-eabi/lib/thumb/v7e-m+fp/hard\libc_nano.a(lib_a-impure.o)
                              c:/st/stm32cubeide_1.12.1/stm32cubeide/plugins/com.st.stm32cube.ide.mcu.externaltools.gnu-tools-for-stm32.10.3-2021.10.win32_1.0.200.202301161003/tools/bin/../lib/gcc/arm-none-eabi/10.3.1/../../../../arm-none-eabi/lib/thumb/v7e-m+fp/hard\libc_nano.a(lib_a-exit.o) (_global_impure_ptr)
c:/st/stm32cubeide_1.12.1/stm32cubeide/plugins/com.st.stm32cube.ide.mcu.externaltools.gnu-tools-for-stm32.10.3-2021.10.win32_1.0.200.202301161003/tools/bin/../lib/gcc/arm-none-eabi/10.3.1/../../../../arm-none-eabi/lib/thumb/v7e-m+fp/hard\libc_nano.a(lib_a-init.o)
                              c:/st/stm32cubeide_1.12.1/stm32cubeide/plugins/com.st.stm32cube.ide.mcu.externaltools.gnu-tools-for-stm32.10.3-2021.10.win32_1.0.200.202301161003/tools/bin/../lib/gcc/arm-none-eabi/10.3.1/../../../../arm-none-eabi/lib/thumb/v7e-m+fp/hard/crt0.o (__libc_init_array)
c:/st/stm32cubeide_1.12.1/stm32cubeide/plugins/com.st.stm32cube.ide.mcu.externaltools.gnu-tools-for-stm32.10.3-2021.10.win32_1.0.200.202301161003/tools/bin/../lib/gcc/arm-none-eabi/10.3.1/../../../../arm-none-eabi/lib/thumb/v7e-m+fp/hard\libc_nano.a(lib_a-memset.o)
                              c:/st/stm32cubeide_1.12.1/stm32cubeide/plugins/com.st.stm32cube.ide.mcu.externaltools.gnu-tools-for-stm32.10.3-2021.10.win32_1.0.200.202301161003/tools/bin/../lib/gcc/arm-none-eabi/10.3.1/../../../../arm-none-eabi/lib/thumb/v7e-m+fp/hard/crt0.o (memset)
c:/st/stm32cubeide_1.12.1/stm32cubeide/plugins/com.st.stm32cube.ide.mcu.externaltools.gnu-tools-for-stm32.10.3-2021.10.win32_1.0.200.202301161003/tools/bin/../lib/gcc/arm-none-eabi/10.3.1/thumb/v7e-m+fp/hard\libgcc.a(_arm_muldf3.o)
                              ./Core/Src/main.o (__aeabi_dmul)
c:/st/stm32cubeide_1.12.1/stm32cubeide/plugins/com.st.stm32cube.ide.mcu.externaltools.gnu-tools-for-stm32.10.3-2021.10.win32_1.0.200.202301161003/tools/bin/../lib/gcc/arm-none-eabi/10.3.1/thumb/v7e-m+fp/hard\libgcc.a(_arm_addsubdf3.o)
                              ./Core/Src/main.o (__aeabi_i2d)
c:/st/stm32cubeide_1.12.1/stm32cubeide/plugins/com.st.stm32cube.ide.mcu.externaltools.gnu-tools-for-stm32.10.3-2021.10.win32_1.0.200.202301161003/tools/bin/../lib/gcc/arm-none-eabi/10.3.1/thumb/v7e-m+fp/hard\libgcc.a(_arm_cmpdf2.o)
                              ./Core/Src/main.o (__aeabi_dcmplt)
c:/st/stm32cubeide_1.12.1/stm32cubeide/plugins/com.st.stm32cube.ide.mcu.externaltools.gnu-tools-for-stm32.10.3-2021.10.win32_1.0.200.202301161003/tools/bin/../lib/gcc/arm-none-eabi/10.3.1/thumb/v7e-m+fp/hard\libgcc.a(_arm_fixunsdfsi.o)
                              ./Core/Src/main.o (__aeabi_d2uiz)
c:/st/stm32cubeide_1.12.1/stm32cubeide/plugins/com.st.stm32cube.ide.mcu.externaltools.gnu-tools-for-stm32.10.3-2021.10.win32_1.0.200.202301161003/tools/bin/../lib/gcc/arm-none-eabi/10.3.1/thumb/v7e-m+fp/hard\libgcc.a(_aeabi_uldivmod.o)
                              ./Drivers/STM32F4xx_HAL_Driver/Src/stm32f4xx_hal_rcc.o (__aeabi_uldivmod)
c:/st/stm32cubeide_1.12.1/stm32cubeide/plugins/com.st.stm32cube.ide.mcu.externaltools.gnu-tools-for-stm32.10.3-2021.10.win32_1.0.200.202301161003/tools/bin/../lib/gcc/arm-none-eabi/10.3.1/thumb/v7e-m+fp/hard\libgcc.a(_udivmoddi4.o)
                              c:/st/stm32cubeide_1.12.1/stm32cubeide/plugins/com.st.stm32cube.ide.mcu.externaltools.gnu-tools-for-stm32.10.3-2021.10.win32_1.0.200.202301161003/tools/bin/../lib/gcc/arm-none-eabi/10.3.1/thumb/v7e-m+fp/hard\libgcc.a(_aeabi_uldivmod.o) (__udivmoddi4)
c:/st/stm32cubeide_1.12.1/stm32cubeide/plugins/com.st.stm32cube.ide.mcu.externaltools.gnu-tools-for-stm32.10.3-2021.10.win32_1.0.200.202301161003/tools/bin/../lib/gcc/arm-none-eabi/10.3.1/thumb/v7e-m+fp/hard\libgcc.a(_dvmd_tls.o)
[...]
Memory Configuration

Name             Origin             Length             Attributes
RAM              0x0000000020000000 0x0000000000010000 xrw
FLASH            0x0000000008000000 0x0000000000040000 xr
*default*        0x0000000000000000 0xffffffffffffffff

Linker script and memory map

LOAD c:/st/stm32cubeide_1.12.1/stm32cubeide/plugins/com.st.stm32cube.ide.mcu.externaltools.gnu-tools-for-stm32.10.3-2021.10.win32_1.0.200.202301161003/tools/bin/../lib/gcc/arm-none-eabi/10.3.1/thumb/v7e-m+fp/hard/crti.o
LOAD c:/st/stm32cubeide_1.12.1/stm32cubeide/plugins/com.st.stm32cube.ide.mcu.externaltools.gnu-tools-for-stm32.10.3-2021.10.win32_1.0.200.202301161003/tools/bin/../lib/gcc/arm-none-eabi/10.3.1/thumb/v7e-m+fp/hard/crtbegin.o
LOAD c:/st/stm32cubeide_1.12.1/stm32cubeide/plugins/com.st.stm32cube.ide.mcu.externaltools.gnu-tools-for-stm32.10.3-2021.10.win32_1.0.200.202301161003/tools/bin/../lib/gcc/arm-none-eabi/10.3.1/../../../../arm-none-eabi/lib/thumb/v7e-m+fp/hard/crt0.o
LOAD ./Chay_di_lam_on/Core/Startup/startup_stm32f401ccux.o
LOAD ./Core/Src/main.o
LOAD ./Core/Src/stm32f4xx_hal_msp.o
LOAD ./Core/Src/stm32f4xx_it.o
LOAD ./Core/Src/syscalls.o
LOAD ./Core/Src/sysmem.o
LOAD ./Core/Src/system_stm32f4xx.o
LOAD ./Core/Startup/startup_stm32f401ccux.o
LOAD ./Drivers/STM32F4xx_HAL_Driver/Src/stm32f4xx_hal.o
LOAD ./Drivers/STM32F4xx_HAL_Driver/Src/stm32f4xx_hal_cortex.o
LOAD ./Drivers/STM32F4xx_HAL_Driver/Src/stm32f4xx_hal_dma.o
LOAD ./Drivers/STM32F4xx_HAL_Driver/Src/stm32f4xx_hal_dma_ex.o
LOAD ./Drivers/STM32F4xx_HAL_Driver/Src/stm32f4xx_hal_exti.o
LOAD ./Drivers/STM32F4xx_HAL_Driver/Src/stm32f4xx_hal_flash.o
LOAD ./Drivers/STM32F4xx_HAL_Driver/Src/stm32f4xx_hal_flash_ex.o
LOAD ./Drivers/STM32F4xx_HAL_Driver/Src/stm32f4xx_hal_flash_ramfunc.o
LOAD ./Drivers/STM32F4xx_HAL_Driver/Src/stm32f4xx_hal_gpio.o
LOAD ./Drivers/STM32F4xx_HAL_Driver/Src/stm32f4xx_hal_pwr.o
LOAD ./Drivers/STM32F4xx_HAL_Driver/Src/stm32f4xx_hal_pwr_ex.o
LOAD ./Drivers/STM32F4xx_HAL_Driver/Src/stm32f4xx_hal_rcc.o
LOAD ./Drivers/STM32F4xx_HAL_Driver/Src/stm32f4xx_hal_rcc_ex.o
LOAD ./Drivers/STM32F4xx_HAL_Driver/Src/stm32f4xx_hal_tim.o
LOAD ./Drivers/STM32F4xx_HAL_Driver/Src/stm32f4xx_hal_tim_ex.o
START GROUP
LOAD c:/st/stm32cubeide_1.12.1/stm32cubeide/plugins/com.st.stm32cube.ide.mcu.externaltools.gnu-tools-for-stm32.10.3-2021.10.win32_1.0.200.202301161003/tools/bin/../lib/gcc/arm-none-eabi/10.3.1/../../../../arm-none-eabi/lib/thumb/v7e-m+fp/hard\libc_nano.a
LOAD c:/st/stm32cubeide_1.12.1/stm32cubeide/plugins/com.st.stm32cube.ide.mcu.externaltools.gnu-tools-for-stm32.10.3-2021.10.win32_1.0.200.202301161003/tools/bin/../lib/gcc/arm-none-eabi/10.3.1/../../../../arm-none-eabi/lib/thumb/v7e-m+fp/hard\libm.a
END GROUP
START GROUP
LOAD c:/st/stm32cubeide_1.12.1/stm32cubeide/plugins/com.st.stm32cube.ide.mcu.externaltools.gnu-tools-for-stm32.10.3-2021.10.win32_1.0.200.202301161003/tools/bin/../lib/gcc/arm-none-eabi/10.3.1/thumb/v7e-m+fp/hard\libgcc.a
LOAD c:/st/stm32cubeide_1.12.1/stm32cubeide/plugins/com.st.stm32cube.ide.mcu.externaltools.gnu-tools-for-stm32.10.3-2021.10.win32_1.0.200.202301161003/tools/bin/../lib/gcc/arm-none-eabi/10.3.1/../../../../arm-none-eabi/lib/thumb/v7e-m+fp/hard\libc_nano.a
END GROUP
START GROUP
LOAD c:/st/stm32cubeide_1.12.1/stm32cubeide/plugins/com.st.stm32cube.ide.mcu.externaltools.gnu-tools-for-stm32.10.3-2021.10.win32_1.0.200.202301161003/tools/bin/../lib/gcc/arm-none-eabi/10.3.1/thumb/v7e-m+fp/hard\libgcc.a
LOAD c:/st/stm32cubeide_1.12.1/stm32cubeide/plugins/com.st.stm32cube.ide.mcu.externaltools.gnu-tools-for-stm32.10.3-2021.10.win32_1.0.200.202301161003/tools/bin/../lib/gcc/arm-none-eabi/10.3.1/../../../../arm-none-eabi/lib/thumb/v7e-m+fp/hard\libc_nano.a
LOAD c:/st/stm32cubeide_1.12.1/stm32cubeide/plugins/com.st.stm32cube.ide.mcu.externaltools.gnu-tools-for-stm32.10.3-2021.10.win32_1.0.200.202301161003/tools/bin/../lib/gcc/arm-none-eabi/10.3.1/../../../../arm-none-eabi/lib/thumb/v7e-m+fp/hard\libnosys.a
END GROUP
START GROUP
LOAD c:/st/stm32cubeide_1.12.1/stm32cubeide/plugins/com.st.stm32cube.ide.mcu.externaltools.gnu-tools-for-stm32.10.3-2021.10.win32_1.0.200.202301161003/tools/bin/../lib/gcc/arm-none-eabi/10.3.1/thumb/v7e-m+fp/hard\libgcc.a
LOAD c:/st/stm32cubeide_1.12.1/stm32cubeide/plugins/com.st.stm32cube.ide.mcu.externaltools.gnu-tools-for-stm32.10.3-2021.10.win32_1.0.200.202301161003/tools/bin/../lib/gcc/arm-none-eabi/10.3.1/../../../../arm-none-eabi/lib/thumb/v7e-m+fp/hard\libc_nano.a
LOAD c:/st/stm32cubeide_1.12.1/stm32cubeide/plugins/com.st.stm32cube.ide.mcu.externaltools.gnu-tools-for-stm32.10.3-2021.10.win32_1.0.200.202301161003/tools/bin/../lib/gcc/arm-none-eabi/10.3.1/../../../../arm-none-eabi/lib/thumb/v7e-m+fp/hard\libnosys.a
END GROUP
LOAD c:/st/stm32cubeide_1.12.1/stm32cubeide/plugins/com.st.stm32cube.ide.mcu.externaltools.gnu-tools-for-stm32.10.3-2021.10.win32_1.0.200.202301161003/tools/bin/../lib/gcc/arm-none-eabi/10.3.1/thumb/v7e-m+fp/hard/crtend.o
LOAD c:/st/stm32cubeide_1.12.1/stm32cubeide/plugins/com.st.stm32cube.ide.mcu.externaltools.gnu-tools-for-stm32.10.3-2021.10.win32_1.0.200.202301161003/tools/bin/../lib/gcc/arm-none-eabi/10.3.1/thumb/v7e-m+fp/hard/crtn.o
                0x0000000020010000                _estack = (ORIGIN (RAM) + LENGTH (RAM))
                0x0000000000000200                _Min_Heap_Size = 0x200
                0x0000000000000400                _Min_Stack_Size = 0x400

.isr_vector     0x0000000008000000      0x328
                0x0000000008000000                . = ALIGN (0x4)
 *(.isr_vector)
 .isr_vector    0x0000000008000000      0x194 ./Chay_di_lam_on/Core/Startup/startup_stm32f401ccux.o
                0x0000000008000000                g_pfnVectors
 .isr_vector    0x0000000008000194      0x194 ./Core/Startup/startup_stm32f401ccux.o
                0x0000000008000328                . = ALIGN (0x4)

.text           0x0000000008000328     0x3088
                0x0000000008000328                . = ALIGN (0x4)
 *(.text)
 .text          0x0000000008000328       0x40 c:/st/stm32cubeide_1.12.1/stm32cubeide/plugins/com.st.stm32cube.ide.mcu.externaltools.gnu-tools-for-stm32.10.3-2021.10.win32_1.0.200.202301161003/tools/bin/../lib/gcc/arm-none-eabi/10.3.1/thumb/v7e-m+fp/hard/crtbegin.o
 .text          0x0000000008000368      0x254 c:/st/stm32cubeide_1.12.1/stm32cubeide/plugins/com.st.stm32cube.ide.mcu.externaltools.gnu-tools-for-stm32.10.3-2021.10.win32_1.0.200.202301161003/tools/bin/../lib/gcc/arm-none-eabi/10.3.1/thumb/v7e-m+fp/hard\libgcc.a(_arm_muldf3.o)
                0x0000000008000368                __muldf3
                0x0000000008000368                __aeabi_dmul
 .text          0x00000000080005bc      0x378 c:/st/stm32cubeide_1.12.1/stm32cubeide/plugins/com.st.stm32cube.ide.mcu.externaltools.gnu-tools-for-stm32.10.3-2021.10.win32_1.0.200.202301161003/tools/bin/../lib/gcc/arm-none-eabi/10.3.1/thumb/v7e-m+fp/hard\libgcc.a(_arm_addsubdf3.o)
                0x00000000080005bc                __aeabi_drsub
                0x00000000080005c4                __aeabi_dsub
                0x00000000080005c4                __subdf3
                0x00000000080005c8                __aeabi_dadd
                0x00000000080005c8                __adddf3
                0x0000000008000840                __floatunsidf
                0x0000000008000840                __aeabi_ui2d
                0x0000000008000860                __floatsidf
                0x0000000008000860                __aeabi_i2d
                0x0000000008000884                __aeabi_f2d
                0x0000000008000884                __extendsfdf2
                0x00000000080008c8                __floatundidf
                0x00000000080008c8                __aeabi_ul2d
                0x00000000080008d8                __floatdidf
                0x00000000080008d8                __aeabi_l2d
 .text          0x0000000008000934      0x110 c:/st/stm32cubeide_1.12.1/stm32cubeide/plugins/com.st.stm32cube.ide.mcu.externaltools.gnu-tools-for-stm32.10.3-2021.10.win32_1.0.200.202301161003/tools/bin/../lib/gcc/arm-none-eabi/10.3.1/thumb/v7e-m+fp/hard\libgcc.a(_arm_cmpdf2.o)
                0x0000000008000934                __gtdf2
                0x0000000008000934                __gedf2
                0x000000000800093c                __ltdf2
                0x000000000800093c                __ledf2
                0x0000000008000944                __nedf2
                0x0000000008000944                __eqdf2
                0x0000000008000944                __cmpdf2
                0x00000000080009c0                __aeabi_cdrcmple
                0x00000000080009d0                __aeabi_cdcmpeq
                0x00000000080009d0                __aeabi_cdcmple
                0x00000000080009e0                __aeabi_dcmpeq
                0x00000000080009f4                __aeabi_dcmplt
                0x0000000008000a08                __aeabi_dcmple
                0x0000000008000a1c                __aeabi_dcmpge
                0x0000000008000a30                __aeabi_dcmpgt
 .text          0x0000000008000a44       0x40 c:/st/stm32cubeide_1.12.1/stm32cubeide/plugins/com.st.stm32cube.ide.mcu.externaltools.gnu-tools-for-stm32.10.3-2021.10.win32_1.0.200.202301161003/tools/bin/../lib/gcc/arm-none-eabi/10.3.1/thumb/v7e-m+fp/hard\libgcc.a(_arm_fixunsdfsi.o)
                0x0000000008000a44                __aeabi_d2uiz
                0x0000000008000a44                __fixunsdfsi
 .text          0x0000000008000a84       0x30 c:/st/stm32cubeide_1.12.1/stm32cubeide/plugins/com.st.stm32cube.ide.mcu.externaltools.gnu-tools-for-stm32.10.3-2021.10.win32_1.0.200.202301161003/tools/bin/../lib/gcc/arm-none-eabi/10.3.1/thumb/v7e-m+fp/hard\libgcc.a(_aeabi_uldivmod.o)
                0x0000000008000a84                __aeabi_uldivmod
 .text          0x0000000008000ab4      0x2d0 c:/st/stm32cubeide_1.12.1/stm32cubeide/plugins/com.st.stm32cube.ide.mcu.externaltools.gnu-tools-for-stm32.10.3-2021.10.win32_1.0.200.202301161003/tools/bin/../lib/gcc/arm-none-eabi/10.3.1/thumb/v7e-m+fp/hard\libgcc.a(_udivmoddi4.o)
                0x0000000008000ab4                __udivmoddi4
 .text          0x0000000008000d84        0x4 c:/st/stm32cubeide_1.12.1/stm32cubeide/plugins/com.st.stm32cube.ide.mcu.externaltools.gnu-tools-for-stm32.10.3-2021.10.win32_1.0.200.202301161003/tools/bin/../lib/gcc/arm-none-eabi/10.3.1/thumb/v7e-m+fp/hard\libgcc.a(_dvmd_tls.o)
                0x0000000008000d84                __aeabi_idiv0
                0x0000000008000d84                __aeabi_ldiv0
 *(.text*)
 .text.Reset_Handler
                0x0000000008000d88       0x50 ./Chay_di_lam_on/Core/Startup/startup_stm32f401ccux.o
                0x0000000008000d88                Reset_Handler
 .text.Default_Handler
                0x0000000008000dd8        0x2 ./Chay_di_lam_on/Core/Startup/startup_stm32f401ccux.o
                0x0000000008000dd8                RTC_Alarm_IRQHandler
                0x0000000008000dd8                EXTI2_IRQHandler
                0x0000000008000dd8                SPI4_IRQHandler
                0x0000000008000dd8                TIM1_CC_IRQHandler
                0x0000000008000dd8                DMA2_Stream5_IRQHandler
                0x0000000008000dd8                DMA1_Stream5_IRQHandler
                0x0000000008000dd8                PVD_IRQHandler
                0x0000000008000dd8                SDIO_IRQHandler
                0x0000000008000dd8                TAMP_STAMP_IRQHandler
                0x0000000008000dd8                EXTI3_IRQHandler
                0x0000000008000dd8                TIM1_UP_TIM10_IRQHandler
                0x0000000008000dd8                I2C3_ER_IRQHandler
                0x0000000008000dd8                EXTI0_IRQHandler
                0x0000000008000dd8                I2C2_EV_IRQHandler
                0x0000000008000dd8                DMA1_Stream2_IRQHandler
                0x0000000008000dd8                FPU_IRQHandler
                0x0000000008000dd8                DMA2_Stream2_IRQHandler
                0x0000000008000dd8                SPI1_IRQHandler
                0x0000000008000dd8                TIM1_BRK_TIM9_IRQHandler
                0x0000000008000dd8                DMA2_Stream3_IRQHandler
                0x0000000008000dd8                USART6_IRQHandler
                0x0000000008000dd8                DMA2_Stream0_IRQHandler
                0x0000000008000dd8                TIM4_IRQHandler
                0x0000000008000dd8                I2C1_EV_IRQHandler
                0x0000000008000dd8                DMA1_Stream6_IRQHandler
                0x0000000008000dd8                DMA1_Stream1_IRQHandler
                0x0000000008000dd8                TIM3_IRQHandler
                0x0000000008000dd8                RCC_IRQHandler
                0x0000000008000dd8                Default_Handler
                0x0000000008000dd8                EXTI15_10_IRQHandler
                0x0000000008000dd8                ADC_IRQHandler
                0x0000000008000dd8                DMA1_Stream7_IRQHandler
                0x0000000008000dd8                TIM5_IRQHandler
                0x0000000008000dd8                DMA2_Stream7_IRQHandler
                0x0000000008000dd8                I2C3_EV_IRQHandler
                0x0000000008000dd8                EXTI9_5_IRQHandler
                0x0000000008000dd8                RTC_WKUP_IRQHandler
                0x0000000008000dd8                SPI2_IRQHandler
                0x0000000008000dd8                DMA1_Stream0_IRQHandler
                0x0000000008000dd8                EXTI4_IRQHandler
                0x0000000008000dd8                WWDG_IRQHandler
                0x0000000008000dd8                TIM2_IRQHandler
                0x0000000008000dd8                OTG_FS_WKUP_IRQHandler
                0x0000000008000dd8                TIM1_TRG_COM_TIM11_IRQHandler
                0x0000000008000dd8                EXTI1_IRQHandler
                0x0000000008000dd8                USART2_IRQHandler
                0x0000000008000dd8                I2C2_ER_IRQHandler
                0x0000000008000dd8                DMA2_Stream1_IRQHandler
                0x0000000008000dd8                FLASH_IRQHandler
                0x0000000008000dd8                DMA2_Stream4_IRQHandler
                0x0000000008000dd8                USART1_IRQHandler
                0x0000000008000dd8                OTG_FS_IRQHandler
                0x0000000008000dd8                SPI3_IRQHandler
                0x0000000008000dd8                DMA1_Stream4_IRQHandler
                0x0000000008000dd8                I2C1_ER_IRQHandler
                0x0000000008000dd8                DMA2_Stream6_IRQHandler
                0x0000000008000dd8                DMA1_Stream3_IRQHandler
 *fill*         0x0000000008000dda        0x2 
 .text.motor_control
                0x0000000008000ddc      0x1b4 ./Core/Src/main.o
                0x0000000008000ddc                motor_control
 .text.sharp_turn
                0x0000000008000f90       0x98 ./Core/Src/main.o
                0x0000000008000f90                sharp_turn
 .text.errors_sum
                0x0000000008001028       0x64 ./Core/Src/main.o
                0x0000000008001028                errors_sum
 *fill*         0x000000000800108c        0x4 
 .text.main     0x0000000008001090      0x280 ./Core/Src/main.o
                0x0000000008001090                main
 .text.SystemClock_Config
                0x0000000008001310       0xd4 ./Core/Src/main.o
                0x0000000008001310                SystemClock_Config
 .text.MX_TIM3_Init
                0x00000000080013e4      0x104 ./Core/Src/main.o
 .text.MX_TIM4_Init
                0x00000000080014e8      0x104 ./Core/Src/main.o
 .text.MX_GPIO_Init
                0x00000000080015ec       0xb0 ./Core/Src/main.o
 .text.Error_Handler
                0x000000000800169c        0xa ./Core/Src/main.o
                0x000000000800169c                Error_Handler
 *fill*         0x00000000080016a6        0x2 
 .text.HAL_MspInit
                0x00000000080016a8       0x50 ./Core/Src/stm32f4xx_hal_msp.o
                0x00000000080016a8                HAL_MspInit
 .text.HAL_TIM_Base_MspInit
                0x00000000080016f8       0x70 ./Core/Src/stm32f4xx_hal_msp.o
                0x00000000080016f8                HAL_TIM_Base_MspInit
 .text.HAL_TIM_MspPostInit
                0x0000000008001768       0xc4 ./Core/Src/stm32f4xx_hal_msp.o
                0x0000000008001768                HAL_TIM_MspPostInit
 .text.NMI_Handler
                0x000000000800182c        0x6 ./Core/Src/stm32f4xx_it.o
                0x000000000800182c                NMI_Handler
 .text.HardFault_Handler
                0x0000000008001832        0x6 ./Core/Src/stm32f4xx_it.o
                0x0000000008001832                HardFault_Handler
 .text.MemManage_Handler
                0x0000000008001838        0x6 ./Core/Src/stm32f4xx_it.o
                0x0000000008001838                MemManage_Handler
 .text.BusFault_Handler
                0x000000000800183e        0x6 ./Core/Src/stm32f4xx_it.o
                0x000000000800183e                BusFault_Handler
 .text.UsageFault_Handler
                0x0000000008001844        0x6 ./Core/Src/stm32f4xx_it.o
                0x0000000008001844                UsageFault_Handler
 .text.SVC_Handler
                0x000000000800184a        0xe ./Core/Src/stm32f4xx_it.o
                0x000000000800184a                SVC_Handler
 .text.DebugMon_Handler
                0x0000000008001858        0xe ./Core/Src/stm32f4xx_it.o
                0x0000000008001858                DebugMon_Handler
 .text.PendSV_Handler
                0x0000000008001866        0xe ./Core/Src/stm32f4xx_it.o
                0x0000000008001866                PendSV_Handler
 .text.SysTick_Handler
                0x0000000008001874        0xc ./Core/Src/stm32f4xx_it.o
                0x0000000008001874                SysTick_Handler
 .text.SystemInit
                0x0000000008001880       0x24 ./Core/Src/system_stm32f4xx.o
                0x0000000008001880                SystemInit
 .text.HAL_Init
                0x00000000080018a4       0x44 ./Drivers/STM32F4xx_HAL_Driver/Src/stm32f4xx_hal.o
                0x00000000080018a4                HAL_Init
 .text.HAL_InitTick
                0x00000000080018e8       0x60 ./Drivers/STM32F4xx_HAL_Driver/Src/stm32f4xx_hal.o
                0x00000000080018e8                HAL_InitTick
 .text.HAL_IncTick
                0x0000000008001948       0x28 ./Drivers/STM32F4xx_HAL_Driver/Src/stm32f4xx_hal.o
                0x0000000008001948                HAL_IncTick
 .text.HAL_GetTick
                0x0000000008001970       0x18 ./Drivers/STM32F4xx_HAL_Driver/Src/stm32f4xx_hal.o
                0x0000000008001970                HAL_GetTick
 .text.__NVIC_SetPriorityGrouping
                0x0000000008001988       0x48 ./Drivers/STM32F4xx_HAL_Driver/Src/stm32f4xx_hal_cortex.o
 .text.__NVIC_GetPriorityGrouping
                0x00000000080019d0       0x1c ./Drivers/STM32F4xx_HAL_Driver/Src/stm32f4xx_hal_cortex.o
 .text.__NVIC_SetPriority
                0x00000000080019ec       0x54 ./Drivers/STM32F4xx_HAL_Driver/Src/stm32f4xx_hal_cortex.o
 .text.NVIC_EncodePriority
                0x0000000008001a40       0x66 ./Drivers/STM32F4xx_HAL_Driver/Src/stm32f4xx_hal_cortex.o
 *fill*         0x0000000008001aa6        0x2 
 .text.SysTick_Config
                0x0000000008001aa8       0x44 ./Drivers/STM32F4xx_HAL_Driver/Src/stm32f4xx_hal_cortex.o
 .text.HAL_NVIC_SetPriorityGrouping
                0x0000000008001aec       0x16 ./Drivers/STM32F4xx_HAL_Driver/Src/stm32f4xx_hal_cortex.o
                0x0000000008001aec                HAL_NVIC_SetPriorityGrouping
 .text.HAL_NVIC_SetPriority
                0x0000000008001b02       0x38 ./Drivers/STM32F4xx_HAL_Driver/Src/stm32f4xx_hal_cortex.o
                0x0000000008001b02                HAL_NVIC_SetPriority
 .text.HAL_SYSTICK_Config
                0x0000000008001b3a       0x18 ./Drivers/STM32F4xx_HAL_Driver/Src/stm32f4xx_hal_cortex.o
                0x0000000008001b3a                HAL_SYSTICK_Config
 *fill*         0x0000000008001b52        0x2 
 .text.HAL_GPIO_Init
                0x0000000008001b54      0x308 ./Drivers/STM32F4xx_HAL_Driver/Src/stm32f4xx_hal_gpio.o
                0x0000000008001b54                HAL_GPIO_Init
 .text.HAL_GPIO_ReadPin
                0x0000000008001e5c       0x30 ./Drivers/STM32F4xx_HAL_Driver/Src/stm32f4xx_hal_gpio.o
                0x0000000008001e5c                HAL_GPIO_ReadPin
 .text.HAL_GPIO_WritePin
                0x0000000008001e8c       0x32 ./Drivers/STM32F4xx_HAL_Driver/Src/stm32f4xx_hal_gpio.o
                0x0000000008001e8c                HAL_GPIO_WritePin
 *fill*         0x0000000008001ebe        0x2 
 .text.HAL_RCC_OscConfig
                0x0000000008001ec0      0x4f0 ./Drivers/STM32F4xx_HAL_Driver/Src/stm32f4xx_hal_rcc.o
                0x0000000008001ec0                HAL_RCC_OscConfig
 .text.HAL_RCC_ClockConfig
                0x00000000080023b0      0x1cc ./Drivers/STM32F4xx_HAL_Driver/Src/stm32f4xx_hal_rcc.o
                0x00000000080023b0                HAL_RCC_ClockConfig
 .text.HAL_RCC_GetSysClockFreq
                0x000000000800257c      0x18c ./Drivers/STM32F4xx_HAL_Driver/Src/stm32f4xx_hal_rcc.o
                0x000000000800257c                HAL_RCC_GetSysClockFreq
 .text.HAL_TIM_Base_Init
                0x0000000008002708       0x9e ./Drivers/STM32F4xx_HAL_Driver/Src/stm32f4xx_hal_tim.o
                0x0000000008002708                HAL_TIM_Base_Init
 .text.HAL_TIM_PWM_Init
                0x00000000080027a6       0x9e ./Drivers/STM32F4xx_HAL_Driver/Src/stm32f4xx_hal_tim.o
                0x00000000080027a6                HAL_TIM_PWM_Init
 .text.HAL_TIM_PWM_MspInit
                0x0000000008002844       0x14 ./Drivers/STM32F4xx_HAL_Driver/Src/stm32f4xx_hal_tim.o
                0x0000000008002844                HAL_TIM_PWM_MspInit
 .text.HAL_TIM_PWM_Start
                0x0000000008002858      0x160 ./Drivers/STM32F4xx_HAL_Driver/Src/stm32f4xx_hal_tim.o
                0x0000000008002858                HAL_TIM_PWM_Start
 .text.HAL_TIM_PWM_ConfigChannel
                0x00000000080029b8      0x184 ./Drivers/STM32F4xx_HAL_Driver/Src/stm32f4xx_hal_tim.o
                0x00000000080029b8                HAL_TIM_PWM_ConfigChannel
 .text.HAL_TIM_ConfigClockSource
                0x0000000008002b3c      0x18e ./Drivers/STM32F4xx_HAL_Driver/Src/stm32f4xx_hal_tim.o
                0x0000000008002b3c                HAL_TIM_ConfigClockSource
 *fill*         0x0000000008002cca        0x2 
 .text.TIM_Base_SetConfig
                0x0000000008002ccc      0x100 ./Drivers/STM32F4xx_HAL_Driver/Src/stm32f4xx_hal_tim.o
                0x0000000008002ccc                TIM_Base_SetConfig
 .text.TIM_OC1_SetConfig
                0x0000000008002dcc       0xcc ./Drivers/STM32F4xx_HAL_Driver/Src/stm32f4xx_hal_tim.o
 .text.TIM_OC2_SetConfig
                0x0000000008002e98       0xd8 ./Drivers/STM32F4xx_HAL_Driver/Src/stm32f4xx_hal_tim.o
                0x0000000008002e98                TIM_OC2_SetConfig
 .text.TIM_OC3_SetConfig
                0x0000000008002f70       0xd4 ./Drivers/STM32F4xx_HAL_Driver/Src/stm32f4xx_hal_tim.o
 .text.TIM_OC4_SetConfig
                0x0000000008003044       0xa0 ./Drivers/STM32F4xx_HAL_Driver/Src/stm32f4xx_hal_tim.o
 .text.TIM_TI1_ConfigInputStage
                0x00000000080030e4       0x5e ./Drivers/STM32F4xx_HAL_Driver/Src/stm32f4xx_hal_tim.o
 .text.TIM_TI2_ConfigInputStage
                0x0000000008003142       0x60 ./Drivers/STM32F4xx_HAL_Driver/Src/stm32f4xx_hal_tim.o
 .text.TIM_ITRx_SetConfig
                0x00000000080031a2       0x36 ./Drivers/STM32F4xx_HAL_Driver/Src/stm32f4xx_hal_tim.o
 .text.TIM_ETR_SetConfig
                0x00000000080031d8       0x40 ./Drivers/STM32F4xx_HAL_Driver/Src/stm32f4xx_hal_tim.o
                0x00000000080031d8                TIM_ETR_SetConfig
 .text.TIM_CCxChannelCmd
                0x0000000008003218       0x4a ./Drivers/STM32F4xx_HAL_Driver/Src/stm32f4xx_hal_tim.o
                0x0000000008003218                TIM_CCxChannelCmd
 *fill*         0x0000000008003262        0x2 
 .text.HAL_TIMEx_MasterConfigSynchronization
                0x0000000008003264       0xdc ./Drivers/STM32F4xx_HAL_Driver/Src/stm32f4xx_hal_tim_ex.o
                0x0000000008003264                HAL_TIMEx_MasterConfigSynchronization
 .text.__libc_init_array
                0x0000000008003340       0x48 c:/st/stm32cubeide_1.12.1/stm32cubeide/plugins/com.st.stm32cube.ide.mcu.externaltools.gnu-tools-for-stm32.10.3-2021.10.win32_1.0.200.202301161003/tools/bin/../lib/gcc/arm-none-eabi/10.3.1/../../../../arm-none-eabi/lib/thumb/v7e-m+fp/hard\libc_nano.a(lib_a-init.o)
                0x0000000008003340                __libc_init_array
 .text.memset   0x0000000008003388       0x10 c:/st/stm32cubeide_1.12.1/stm32cubeide/plugins/com.st.stm32cube.ide.mcu.externaltools.gnu-tools-for-stm32.10.3-2021.10.win32_1.0.200.202301161003/tools/bin/../lib/gcc/arm-none-eabi/10.3.1/../../../../arm-none-eabi/lib/thumb/v7e-m+fp/hard\libc_nano.a(lib_a-memset.o)
                0x0000000008003388                memset
 *(.glue_7)
 .glue_7        0x0000000008003398        0x0 linker stubs
 *(.glue_7t)
 .glue_7t       0x0000000008003398        0x0 linker stubs
 *(.eh_frame)
 .eh_frame      0x0000000008003398        0x0 c:/st/stm32cubeide_1.12.1/stm32cubeide/plugins/com.st.stm32cube.ide.mcu.externaltools.gnu-tools-for-stm32.10.3-2021.10.win32_1.0.200.202301161003/tools/bin/../lib/gcc/arm-none-eabi/10.3.1/thumb/v7e-m+fp/hard/crtbegin.o
 *(.init)
 .init          0x0000000008003398        0x4 c:/st/stm32cubeide_1.12.1/stm32cubeide/plugins/com.st.stm32cube.ide.mcu.externaltools.gnu-tools-for-stm32.10.3-2021.10.win32_1.0.200.202301161003/tools/bin/../lib/gcc/arm-none-eabi/10.3.1/thumb/v7e-m+fp/hard/crti.o
                0x0000000008003398                _init
 .init          0x000000000800339c        0x8 c:/st/stm32cubeide_1.12.1/stm32cubeide/plugins/com.st.stm32cube.ide.mcu.externaltools.gnu-tools-for-stm32.10.3-2021.10.win32_1.0.200.202301161003/tools/bin/../lib/gcc/arm-none-eabi/10.3.1/thumb/v7e-m+fp/hard/crtn.o
 *(.fini)
 .fini          0x00000000080033a4        0x4 c:/st/stm32cubeide_1.12.1/stm32cubeide/plugins/com.st.stm32cube.ide.mcu.externaltools.gnu-tools-for-stm32.10.3-2021.10.win32_1.0.200.202301161003/tools/bin/../lib/gcc/arm-none-eabi/10.3.1/thumb/v7e-m+fp/hard/crti.o
                0x00000000080033a4                _fini
 .fini          0x00000000080033a8        0x8 c:/st/stm32cubeide_1.12.1/stm32cubeide/plugins/com.st.stm32cube.ide.mcu.externaltools.gnu-tools-for-stm32.10.3-2021.10.win32_1.0.200.202301161003/tools/bin/../lib/gcc/arm-none-eabi/10.3.1/thumb/v7e-m+fp/hard/crtn.o
                0x00000000080033b0                . = ALIGN (0x4)
                0x00000000080033b0                _etext = .

.vfp11_veneer   0x00000000080033b0        0x0
 .vfp11_veneer  0x00000000080033b0        0x0 linker stubs

.v4_bx          0x00000000080033b0        0x0
 .v4_bx         0x00000000080033b0        0x0 linker stubs

.iplt           0x00000000080033b0        0x0
 .iplt          0x00000000080033b0        0x0 c:/st/stm32cubeide_1.12.1/stm32cubeide/plugins/com.st.stm32cube.ide.mcu.externaltools.gnu-tools-for-stm32.10.3-2021.10.win32_1.0.200.202301161003/tools/bin/../lib/gcc/arm-none-eabi/10.3.1/thumb/v7e-m+fp/hard/crtbegin.o

.rodata         0x00000000080033b0       0x24
                0x00000000080033b0                . = ALIGN (0x4)
 *(.rodata)
 .rodata        0x00000000080033b0       0x14 ./Core/Src/main.o
 *(.rodata*)
 .rodata.AHBPrescTable
                0x00000000080033c4       0x10 ./Core/Src/system_stm32f4xx.o
                0x00000000080033c4                AHBPrescTable
                0x00000000080033d4                . = ALIGN (0x4)

.ARM.extab      0x00000000080033d4        0x0
                0x00000000080033d4                . = ALIGN (0x4)
 *(.ARM.extab* .gnu.linkonce.armextab.*)
                0x00000000080033d4                . = ALIGN (0x4)

.ARM            0x00000000080033d4        0x8
                0x00000000080033d4                . = ALIGN (0x4)
                0x00000000080033d4                __exidx_start = .
 *(.ARM.exidx*)
 .ARM.exidx     0x00000000080033d4        0x8 c:/st/stm32cubeide_1.12.1/stm32cubeide/plugins/com.st.stm32cube.ide.mcu.externaltools.gnu-tools-for-stm32.10.3-2021.10.win32_1.0.200.202301161003/tools/bin/../lib/gcc/arm-none-eabi/10.3.1/thumb/v7e-m+fp/hard\libgcc.a(_udivmoddi4.o)
                0x00000000080033dc                __exidx_end = .
                0x00000000080033dc                . = ALIGN (0x4)

.rel.dyn        0x00000000080033dc        0x0
 .rel.iplt      0x00000000080033dc        0x0 c:/st/stm32cubeide_1.12.1/stm32cubeide/plugins/com.st.stm32cube.ide.mcu.externaltools.gnu-tools-for-stm32.10.3-2021.10.win32_1.0.200.202301161003/tools/bin/../lib/gcc/arm-none-eabi/10.3.1/thumb/v7e-m+fp/hard/crtbegin.o

.preinit_array  0x00000000080033dc        0x0
                0x00000000080033dc                . = ALIGN (0x4)
                0x00000000080033dc                PROVIDE (__preinit_array_start = .)
 *(.preinit_array*)
                0x00000000080033dc                PROVIDE (__preinit_array_end = .)
                0x00000000080033dc                . = ALIGN (0x4)

.init_array     0x00000000080033dc        0x4
                0x00000000080033dc                . = ALIGN (0x4)
                0x00000000080033dc                PROVIDE (__init_array_start = .)
 *(SORT_BY_NAME(.init_array.*))
 *(.init_array*)
 .init_array    0x00000000080033dc        0x4 c:/st/stm32cubeide_1.12.1/stm32cubeide/plugins/com.st.stm32cube.ide.mcu.externaltools.gnu-tools-for-stm32.10.3-2021.10.win32_1.0.200.202301161003/tools/bin/../lib/gcc/arm-none-eabi/10.3.1/thumb/v7e-m+fp/hard/crtbegin.o
                0x00000000080033e0                PROVIDE (__init_array_end = .)
                0x00000000080033e0                . = ALIGN (0x4)

.fini_array     0x00000000080033e0        0x4
                0x00000000080033e0                . = ALIGN (0x4)
                [!provide]                        PROVIDE (__fini_array_start = .)
 *(SORT_BY_NAME(.fini_array.*))
 *(.fini_array*)
 .fini_array    0x00000000080033e0        0x4 c:/st/stm32cubeide_1.12.1/stm32cubeide/plugins/com.st.stm32cube.ide.mcu.externaltools.gnu-tools-for-stm32.10.3-2021.10.win32_1.0.200.202301161003/tools/bin/../lib/gcc/arm-none-eabi/10.3.1/thumb/v7e-m+fp/hard/crtbegin.o
                [!provide]                        PROVIDE (__fini_array_end = .)
                0x00000000080033e4                . = ALIGN (0x4)
                0x00000000080033e4                _sidata = LOADADDR (.data)

.data           0x0000000020000000       0x14 load address 0x00000000080033e4
                0x0000000020000000                . = ALIGN (0x4)
                0x0000000020000000                _sdata = .
 *(.data)
 *(.data*)
 .data.Kp       0x0000000020000000        0x4 ./Core/Src/main.o
                0x0000000020000000                Kp
 .data.Kd       0x0000000020000004        0x4 ./Core/Src/main.o
                0x0000000020000004                Kd
 .data.SystemCoreClock
                0x0000000020000008        0x4 ./Core/Src/system_stm32f4xx.o
                0x0000000020000008                SystemCoreClock
 .data.uwTickPrio
                0x000000002000000c        0x4 ./Drivers/STM32F4xx_HAL_Driver/Src/stm32f4xx_hal.o
                0x000000002000000c                uwTickPrio
 .data.uwTickFreq
                0x0000000020000010        0x1 ./Drivers/STM32F4xx_HAL_Driver/Src/stm32f4xx_hal.o
                0x0000000020000010                uwTickFreq
 *(.RamFunc)
 *(.RamFunc*)
                0x0000000020000014                . = ALIGN (0x4)
 *fill*         0x0000000020000011        0x3 
                0x0000000020000014                _edata = .

.igot.plt       0x0000000020000014        0x0 load address 0x00000000080033f8
 .igot.plt      0x0000000020000014        0x0 c:/st/stm32cubeide_1.12.1/stm32cubeide/plugins/com.st.stm32cube.ide.mcu.externaltools.gnu-tools-for-stm32.10.3-2021.10.win32_1.0.200.202301161003/tools/bin/../lib/gcc/arm-none-eabi/10.3.1/thumb/v7e-m+fp/hard/crtbegin.o
                0x0000000020000014                . = ALIGN (0x4)

.bss            0x0000000020000014       0xf4 load address 0x00000000080033f8
                0x0000000020000014                _sbss = .
                0x0000000020000014                __bss_start__ = _sbss
 *(.bss)
 .bss           0x0000000020000014       0x1c c:/st/stm32cubeide_1.12.1/stm32cubeide/plugins/com.st.stm32cube.ide.mcu.externaltools.gnu-tools-for-stm32.10.3-2021.10.win32_1.0.200.202301161003/tools/bin/../lib/gcc/arm-none-eabi/10.3.1/thumb/v7e-m+fp/hard/crtbegin.o
 *(.bss*)
 .bss.htim3     0x0000000020000030       0x48 ./Core/Src/main.o
                0x0000000020000030                htim3
 .bss.htim4     0x0000000020000078       0x48 ./Core/Src/main.o
                0x0000000020000078                htim4
 .bss.Ki        0x00000000200000c0        0x4 ./Core/Src/main.o
                0x00000000200000c0                Ki
 .bss.P         0x00000000200000c4        0x4 ./Core/Src/main.o
                0x00000000200000c4                P
 .bss.I         0x00000000200000c8        0x4 ./Core/Src/main.o
                0x00000000200000c8                I
 .bss.D         0x00000000200000cc        0x4 ./Core/Src/main.o
                0x00000000200000cc                D
 .bss.lastError
                0x00000000200000d0        0x4 ./Core/Src/main.o
                0x00000000200000d0                lastError
 .bss.errors    0x00000000200000d4       0x28 ./Core/Src/main.o
                0x00000000200000d4                errors
 .bss.last_end  0x00000000200000fc        0x4 ./Core/Src/main.o
                0x00000000200000fc                last_end
 .bss.actives   0x0000000020000100        0x4 ./Core/Src/main.o
                0x0000000020000100                actives
 .bss.uwTick    0x0000000020000104        0x4 ./Drivers/STM32F4xx_HAL_Driver/Src/stm32f4xx_hal.o
                0x0000000020000104                uwTick
 *(COMMON)
                0x0000000020000108                . = ALIGN (0x4)
                0x0000000020000108                _ebss = .
                0x0000000020000108                __bss_end__ = _ebss

._user_heap_stack
                0x0000000020000108      0x600 load address 0x00000000080033f8
                0x0000000020000108                . = ALIGN (0x8)
                [!provide]                        PROVIDE (end = .)
                0x0000000020000108                PROVIDE (_end = .)
                0x0000000020000308                . = (. + _Min_Heap_Size)
 *fill*         0x0000000020000108      0x200 
                0x0000000020000708                . = (. + _Min_Stack_Size)
 *fill*         0x0000000020000308      0x400 
                0x0000000020000708                . = ALIGN (0x8)

/DISCARD/
 libc.a(*)
 libm.a(*)
 libgcc.a(*)

.ARM.attributes
                0x0000000000000000       0x30
 *(.ARM.attributes)
 .ARM.attributes
                0x0000000000000000       0x1e c:/st/stm32cubeide_1.12.1/stm32cubeide/plugins/com.st.stm32cube.ide.mcu.externaltools.gnu-tools-for-stm32.10.3-2021.10.win32_1.0.200.202301161003/tools/bin/../lib/gcc/arm-none-eabi/10.3.1/thumb/v7e-m+fp/hard/crti.o
 .ARM.attributes
                0x000000000000001e       0x34 c:/st/stm32cubeide_1.12.1/stm32cubeide/plugins/com.st.stm32cube.ide.mcu.externaltools.gnu-tools-for-stm32.10.3-2021.10.win32_1.0.200.202301161003/tools/bin/../lib/gcc/arm-none-eabi/10.3.1/thumb/v7e-m+fp/hard/crtbegin.o
 .ARM.attributes
                0x0000000000000052       0x21 ./Chay_di_lam_on/Core/Startup/startup_stm32f401ccux.o
 .ARM.attributes
                0x0000000000000073       0x34 ./Core/Src/main.o
 .ARM.attributes
                0x00000000000000a7       0x34 ./Core/Src/stm32f4xx_hal_msp.o
 .ARM.attributes
                0x00000000000000db       0x34 ./Core/Src/stm32f4xx_it.o
 .ARM.attributes
                0x000000000000010f       0x34 ./Core/Src/system_stm32f4xx.o
 .ARM.attributes
                0x0000000000000143       0x21 ./Core/Startup/startup_stm32f401ccux.o
 .ARM.attributes
                0x0000000000000164       0x34 ./Drivers/STM32F4xx_HAL_Driver/Src/stm32f4xx_hal.o
 .ARM.attributes
                0x0000000000000198       0x34 ./Drivers/STM32F4xx_HAL_Driver/Src/stm32f4xx_hal_cortex.o
 .ARM.attributes
                0x00000000000001cc       0x34 ./Drivers/STM32F4xx_HAL_Driver/Src/stm32f4xx_hal_gpio.o
 .ARM.attributes
                0x0000000000000200       0x34 ./Drivers/STM32F4xx_HAL_Driver/Src/stm32f4xx_hal_rcc.o
 .ARM.attributes
                0x0000000000000234       0x34 ./Drivers/STM32F4xx_HAL_Driver/Src/stm32f4xx_hal_tim.o
 .ARM.attributes
                0x0000000000000268       0x34 ./Drivers/STM32F4xx_HAL_Driver/Src/stm32f4xx_hal_tim_ex.o
 .ARM.attributes
                0x000000000000029c       0x34 c:/st/stm32cubeide_1.12.1/stm32cubeide/plugins/com.st.stm32cube.ide.mcu.externaltools.gnu-tools-for-stm32.10.3-2021.10.win32_1.0.200.202301161003/tools/bin/../lib/gcc/arm-none-eabi/10.3.1/../../../../arm-none-eabi/lib/thumb/v7e-m+fp/hard\libc_nano.a(lib_a-init.o)
 .ARM.attributes
                0x00000000000002d0       0x34 c:/st/stm32cubeide_1.12.1/stm32cubeide/plugins/com.st.stm32cube.ide.mcu.externaltools.gnu-tools-for-stm32.10.3-2021.10.win32_1.0.200.202301161003/tools/bin/../lib/gcc/arm-none-eabi/10.3.1/../../../../arm-none-eabi/lib/thumb/v7e-m+fp/hard\libc_nano.a(lib_a-memset.o)
 .ARM.attributes
                0x0000000000000304       0x1e c:/st/stm32cubeide_1.12.1/stm32cubeide/plugins/com.st.stm32cube.ide.mcu.externaltools.gnu-tools-for-stm32.10.3-2021.10.win32_1.0.200.202301161003/tools/bin/../lib/gcc/arm-none-eabi/10.3.1/thumb/v7e-m+fp/hard\libgcc.a(_arm_muldf3.o)
 .ARM.attributes
                0x0000000000000322       0x1e c:/st/stm32cubeide_1.12.1/stm32cubeide/plugins/com.st.stm32cube.ide.mcu.externaltools.gnu-tools-for-stm32.10.3-2021.10.win32_1.0.200.202301161003/tools/bin/../lib/gcc/arm-none-eabi/10.3.1/thumb/v7e-m+fp/hard\libgcc.a(_arm_addsubdf3.o)
 .ARM.attributes
                0x0000000000000340       0x1e c:/st/stm32cubeide_1.12.1/stm32cubeide/plugins/com.st.stm32cube.ide.mcu.externaltools.gnu-tools-for-stm32.10.3-2021.10.win32_1.0.200.202301161003/tools/bin/../lib/gcc/arm-none-eabi/10.3.1/thumb/v7e-m+fp/hard\libgcc.a(_arm_cmpdf2.o)
 .ARM.attributes
                0x000000000000035e       0x1e c:/st/stm32cubeide_1.12.1/stm32cubeide/plugins/com.st.stm32cube.ide.mcu.externaltools.gnu-tools-for-stm32.10.3-2021.10.win32_1.0.200.202301161003/tools/bin/../lib/gcc/arm-none-eabi/10.3.1/thumb/v7e-m+fp/hard\libgcc.a(_arm_fixunsdfsi.o)
 .ARM.attributes
                0x000000000000037c       0x1e c:/st/stm32cubeide_1.12.1/stm32cubeide/plugins/com.st.stm32cube.ide.mcu.externaltools.gnu-tools-for-stm32.10.3-2021.10.win32_1.0.200.202301161003/tools/bin/../lib/gcc/arm-none-eabi/10.3.1/thumb/v7e-m+fp/hard\libgcc.a(_aeabi_uldivmod.o)
 .ARM.attributes
                0x000000000000039a       0x34 c:/st/stm32cubeide_1.12.1/stm32cubeide/plugins/com.st.stm32cube.ide.mcu.externaltools.gnu-tools-for-stm32.10.3-2021.10.win32_1.0.200.202301161003/tools/bin/../lib/gcc/arm-none-eabi/10.3.1/thumb/v7e-m+fp/hard\libgcc.a(_udivmoddi4.o)
 .ARM.attributes
                0x00000000000003ce       0x1e c:/st/stm32cubeide_1.12.1/stm32cubeide/plugins/com.st.stm32cube.ide.mcu.externaltools.gnu-tools-for-stm32.10.3-2021.10.win32_1.0.200.202301161003/tools/bin/../lib/gcc/arm-none-eabi/10.3.1/thumb/v7e-m+fp/hard\libgcc.a(_dvmd_tls.o)
 .ARM.attributes
                0x00000000000003ec       0x1e c:/st/stm32cubeide_1.12.1/stm32cubeide/plugins/com.st.stm32cube.ide.mcu.externaltools.gnu-tools-for-stm32.10.3-2021.10.win32_1.0.200.202301161003/tools/bin/../lib/gcc/arm-none-eabi/10.3.1/thumb/v7e-m+fp/hard/crtn.o
OUTPUT(Chay_di_lam_on.elf elf32-littlearm)
LOAD linker stubs
LOAD c:/st/stm32cubeide_1.12.1/stm32cubeide/plugins/com.st.stm32cube.ide.mcu.externaltools.gnu-tools-for-stm32.10.3-2021.10.win32_1.0.200.202301161003/tools/bin/../lib/gcc/arm-none-eabi/10.3.1/../../../../arm-none-eabi/lib/thumb/v7e-m+fp/hard\libc.a
LOAD c:/st/stm32cubeide_1.12.1/stm32cubeide/plugins/com.st.stm32cube.ide.mcu.externaltools.gnu-tools-for-stm32.10.3-2021.10.win32_1.0.200.202301161003/tools/bin/../lib/gcc/arm-none-eabi/10.3.1/../../../../arm-none-eabi/lib/thumb/v7e-m+fp/hard\libm.a
LOAD c:/st/stm32cubeide_1.12.1/stm32cubeide/plugins/com.st.stm32cube.ide.mcu.externaltools.gnu-tools-for-stm32.10.3-2021.10.win32_1.0.200.202301161003/tools/bin/../lib/gcc/arm-none-eabi/10.3.1/thumb/v7e-m+fp/hard\libgcc.a

.debug_line     0x0000000000000000     0x9c35
 .debug_line    0x0000000000000000       0x97 ./Chay_di_lam_on/Core/Startup/startup_stm32f401ccux.o
 .debug_line    0x0000000000000097      0x9ef ./Core/Src/main.o
 .debug_line    0x0000000000000a86      0x753 ./Core/Src/stm32f4xx_hal_msp.o
 .debug_line    0x00000000000011d9      0x76e ./Core/Src/stm32f4xx_it.o
 .debug_line    0x0000000000001947      0x72d ./Core/Src/system_stm32f4xx.o
 .debug_line    0x0000000000002074       0x88 ./Core/Startup/startup_stm32f401ccux.o
 .debug_line    0x00000000000020fc      0x993 ./Drivers/STM32F4xx_HAL_Driver/Src/stm32f4xx_hal.o
 .debug_line    0x0000000000002a8f      0xc42 ./Drivers/STM32F4xx_HAL_Driver/Src/stm32f4xx_hal_cortex.o
 .debug_line    0x00000000000036d1      0xacb ./Drivers/STM32F4xx_HAL_Driver/Src/stm32f4xx_hal_gpio.o
 .debug_line    0x000000000000419c      0xd0d ./Drivers/STM32F4xx_HAL_Driver/Src/stm32f4xx_hal_rcc.o
 .debug_line    0x0000000000004ea9     0x3461 ./Drivers/STM32F4xx_HAL_Driver/Src/stm32f4xx_hal_tim.o
 .debug_line    0x000000000000830a     0x192b ./Drivers/STM32F4xx_HAL_Driver/Src/stm32f4xx_hal_tim_ex.o

.debug_info     0x0000000000000000     0x8d8c
 .debug_info    0x0000000000000000       0x22 ./Chay_di_lam_on/Core/Startup/startup_stm32f401ccux.o
 .debug_info    0x0000000000000022     0x12d0 ./Core/Src/main.o
 .debug_info    0x00000000000012f2      0xad5 ./Core/Src/stm32f4xx_hal_msp.o
 .debug_info    0x0000000000001dc7      0x121 ./Core/Src/stm32f4xx_it.o
 .debug_info    0x0000000000001ee8      0x54f ./Core/Src/system_stm32f4xx.o
 .debug_info    0x0000000000002437       0x22 ./Core/Startup/startup_stm32f401ccux.o
 .debug_info    0x0000000000002459      0x906 ./Drivers/STM32F4xx_HAL_Driver/Src/stm32f4xx_hal.o
 .debug_info    0x0000000000002d5f      0xd85 ./Drivers/STM32F4xx_HAL_Driver/Src/stm32f4xx_hal_cortex.o
 .debug_info    0x0000000000003ae4      0x78e ./Drivers/STM32F4xx_HAL_Driver/Src/stm32f4xx_hal_gpio.o
 .debug_info    0x0000000000004272      0x98c ./Drivers/STM32F4xx_HAL_Driver/Src/stm32f4xx_hal_rcc.o
 .debug_info    0x0000000000004bfe     0x2bb6 ./Drivers/STM32F4xx_HAL_Driver/Src/stm32f4xx_hal_tim.o
 .debug_info    0x00000000000077b4     0x15d8 ./Drivers/STM32F4xx_HAL_Driver/Src/stm32f4xx_hal_tim_ex.o

.debug_abbrev   0x0000000000000000     0x150f
 .debug_abbrev  0x0000000000000000       0x12 ./Chay_di_lam_on/Core/Startup/startup_stm32f401ccux.o
 .debug_abbrev  0x0000000000000012      0x2f8 ./Core/Src/main.o
 .debug_abbrev  0x000000000000030a      0x1c3 ./Core/Src/stm32f4xx_hal_msp.o
 .debug_abbrev  0x00000000000004cd       0x74 ./Core/Src/stm32f4xx_it.o
 .debug_abbrev  0x0000000000000541      0x116 ./Core/Src/system_stm32f4xx.o
 .debug_abbrev  0x0000000000000657       0x12 ./Core/Startup/startup_stm32f401ccux.o
 .debug_abbrev  0x0000000000000669      0x23e ./Drivers/STM32F4xx_HAL_Driver/Src/stm32f4xx_hal.o
 .debug_abbrev  0x00000000000008a7      0x316 ./Drivers/STM32F4xx_HAL_Driver/Src/stm32f4xx_hal_cortex.o
 .debug_abbrev  0x0000000000000bbd      0x1c4 ./Drivers/STM32F4xx_HAL_Driver/Src/stm32f4xx_hal_gpio.o
 .debug_abbrev  0x0000000000000d81      0x2aa ./Drivers/STM32F4xx_HAL_Driver/Src/stm32f4xx_hal_rcc.o
 .debug_abbrev  0x000000000000102b      0x26e ./Drivers/STM32F4xx_HAL_Driver/Src/stm32f4xx_hal_tim.o
 .debug_abbrev  0x0000000000001299      0x276 ./Drivers/STM32F4xx_HAL_Driver/Src/stm32f4xx_hal_tim_ex.o

.debug_aranges  0x0000000000000000      0x998
 .debug_aranges
                0x0000000000000000       0x28 ./Chay_di_lam_on/Core/Startup/startup_stm32f401ccux.o
 .debug_aranges
                0x0000000000000028       0x68 ./Core/Src/main.o
 .debug_aranges
                0x0000000000000090       0x38 ./Core/Src/stm32f4xx_hal_msp.o
 .debug_aranges
                0x00000000000000c8       0x60 ./Core/Src/stm32f4xx_it.o
 .debug_aranges
                0x0000000000000128       0x28 ./Core/Src/system_stm32f4xx.o
 .debug_aranges
                0x0000000000000150       0x28 ./Core/Startup/startup_stm32f401ccux.o
 .debug_aranges
                0x0000000000000178       0xf0 ./Drivers/STM32F4xx_HAL_Driver/Src/stm32f4xx_hal.o
 .debug_aranges
                0x0000000000000268      0x118 ./Drivers/STM32F4xx_HAL_Driver/Src/stm32f4xx_hal_cortex.o
 .debug_aranges
                0x0000000000000380       0x58 ./Drivers/STM32F4xx_HAL_Driver/Src/stm32f4xx_hal_gpio.o
 .debug_aranges
                0x00000000000003d8       0x88 ./Drivers/STM32F4xx_HAL_Driver/Src/stm32f4xx_hal_rcc.o
 .debug_aranges
                0x0000000000000460      0x3d0 ./Drivers/STM32F4xx_HAL_Driver/Src/stm32f4xx_hal_tim.o
 .debug_aranges
                0x0000000000000830      0x168 ./Drivers/STM32F4xx_HAL_Driver/Src/stm32f4xx_hal_tim_ex.o

.debug_str      0x0000000000000000    0x86c55
 .debug_str     0x0000000000000000       0x7f ./Chay_di_lam_on/Core/Startup/startup_stm32f401ccux.o
 .debug_str     0x000000000000007f    0x8472d ./Core/Src/main.o
                                      0x84aa2 (size before relaxing)
 .debug_str     0x00000000000847ac       0x67 ./Core/Src/stm32f4xx_hal_msp.o
                                      0x845e1 (size before relaxing)
 .debug_str     0x0000000000084813       0xc9 ./Core/Src/stm32f4xx_it.o
                                      0x83f49 (size before relaxing)
 .debug_str     0x00000000000848dc       0xdb ./Core/Src/system_stm32f4xx.o
                                      0x84085 (size before relaxing)
 .debug_str     0x00000000000849b7       0x28 ./Core/Startup/startup_stm32f401ccux.o
                                         0x70 (size before relaxing)
 .debug_str     0x00000000000849df      0x9b8 ./Drivers/STM32F4xx_HAL_Driver/Src/stm32f4xx_hal.o
                                      0x84aa7 (size before relaxing)
 .debug_str     0x0000000000085397      0x359 ./Drivers/STM32F4xx_HAL_Driver/Src/stm32f4xx_hal_cortex.o
                                      0x847c8 (size before relaxing)
 .debug_str     0x00000000000856f0      0x120 ./Drivers/STM32F4xx_HAL_Driver/Src/stm32f4xx_hal_gpio.o
                                      0x84200 (size before relaxing)
 .debug_str     0x0000000000085810      0x233 ./Drivers/STM32F4xx_HAL_Driver/Src/stm32f4xx_hal_rcc.o
                                      0x844b9 (size before relaxing)
 .debug_str     0x0000000000085a43      0xd7f ./Drivers/STM32F4xx_HAL_Driver/Src/stm32f4xx_hal_tim.o
                                      0x853ed (size before relaxing)
 .debug_str     0x00000000000867c2      0x493 ./Drivers/STM32F4xx_HAL_Driver/Src/stm32f4xx_hal_tim_ex.o
                                      0x84c09 (size before relaxing)

.debug_ranges   0x0000000000000000      0x8e8
 .debug_ranges  0x0000000000000000       0x20 ./Chay_di_lam_on/Core/Startup/startup_stm32f401ccux.o
 .debug_ranges  0x0000000000000020       0x58 ./Core/Src/main.o
 .debug_ranges  0x0000000000000078       0x28 ./Core/Src/stm32f4xx_hal_msp.o
 .debug_ranges  0x00000000000000a0       0x50 ./Core/Src/stm32f4xx_it.o
 .debug_ranges  0x00000000000000f0       0x18 ./Core/Src/system_stm32f4xx.o
 .debug_ranges  0x0000000000000108       0x20 ./Core/Startup/startup_stm32f401ccux.o
 .debug_ranges  0x0000000000000128       0xe0 ./Drivers/STM32F4xx_HAL_Driver/Src/stm32f4xx_hal.o
 .debug_ranges  0x0000000000000208      0x108 ./Drivers/STM32F4xx_HAL_Driver/Src/stm32f4xx_hal_cortex.o
 .debug_ranges  0x0000000000000310       0x48 ./Drivers/STM32F4xx_HAL_Driver/Src/stm32f4xx_hal_gpio.o
 .debug_ranges  0x0000000000000358       0x78 ./Drivers/STM32F4xx_HAL_Driver/Src/stm32f4xx_hal_rcc.o
 .debug_ranges  0x00000000000003d0      0x3c0 ./Drivers/STM32F4xx_HAL_Driver/Src/stm32f4xx_hal_tim.o
 .debug_ranges  0x0000000000000790      0x158 ./Drivers/STM32F4xx_HAL_Driver/Src/stm32f4xx_hal_tim_ex.o

.debug_macro    0x0000000000000000    0x14eeb
 .debug_macro   0x0000000000000000      0x1ce ./Core/Src/main.o
 .debug_macro   0x00000000000001ce      0xa78 ./Core/Src/main.o
 .debug_macro   0x0000000000000c46      0x295 ./Core/Src/main.o
 .debug_macro   0x0000000000000edb       0x2e ./Core/Src/main.o
 .debug_macro   0x0000000000000f09       0x28 ./Core/Src/main.o
 .debug_macro   0x0000000000000f31       0x22 ./Core/Src/main.o
 .debug_macro   0x0000000000000f53       0x8e ./Core/Src/main.o
 .debug_macro   0x0000000000000fe1       0x51 ./Core/Src/main.o
 .debug_macro   0x0000000000001032      0x103 ./Core/Src/main.o
 .debug_macro   0x0000000000001135       0x6a ./Core/Src/main.o
 .debug_macro   0x000000000000119f      0x1df ./Core/Src/main.o
 .debug_macro   0x000000000000137e       0x1c ./Core/Src/main.o
 .debug_macro   0x000000000000139a       0x22 ./Core/Src/main.o
 .debug_macro   0x00000000000013bc       0xd9 ./Core/Src/main.o
 .debug_macro   0x0000000000001495     0x102d ./Core/Src/main.o
 .debug_macro   0x00000000000024c2      0x11f ./Core/Src/main.o
 .debug_macro   0x00000000000025e1     0xb86c ./Core/Src/main.o
 .debug_macro   0x000000000000de4d       0x6d ./Core/Src/main.o
 .debug_macro   0x000000000000deba     0x367e ./Core/Src/main.o
 .debug_macro   0x0000000000011538      0x174 ./Core/Src/main.o
 .debug_macro   0x00000000000116ac       0x5c ./Core/Src/main.o
 .debug_macro   0x0000000000011708      0x416 ./Core/Src/main.o
 .debug_macro   0x0000000000011b1e      0x9fe ./Core/Src/main.o
 .debug_macro   0x000000000001251c      0x115 ./Core/Src/main.o
 .debug_macro   0x0000000000012631       0xf8 ./Core/Src/main.o
 .debug_macro   0x0000000000012729       0xa5 ./Core/Src/main.o
 .debug_macro   0x00000000000127ce      0x15f ./Core/Src/main.o
 .debug_macro   0x000000000001292d      0x287 ./Core/Src/main.o
 .debug_macro   0x0000000000012bb4       0x5f ./Core/Src/main.o
 .debug_macro   0x0000000000012c13      0x236 ./Core/Src/main.o
 .debug_macro   0x0000000000012e49      0x132 ./Core/Src/main.o
 .debug_macro   0x0000000000012f7b      0x23a ./Core/Src/main.o
 .debug_macro   0x00000000000131b5       0x2e ./Core/Src/main.o
 .debug_macro   0x00000000000131e3      0x11a ./Core/Src/main.o
 .debug_macro   0x00000000000132fd       0x85 ./Core/Src/main.o
 .debug_macro   0x0000000000013382       0x89 ./Core/Src/main.o
 .debug_macro   0x000000000001340b      0x8e6 ./Core/Src/main.o
 .debug_macro   0x0000000000013cf1       0x47 ./Core/Src/main.o
 .debug_macro   0x0000000000013d38      0x126 ./Core/Src/main.o
 .debug_macro   0x0000000000013e5e      0x1ce ./Core/Src/stm32f4xx_hal_msp.o
 .debug_macro   0x000000000001402c      0x1d8 ./Core/Src/stm32f4xx_it.o
 .debug_macro   0x0000000000014204      0x1c4 ./Core/Src/system_stm32f4xx.o
 .debug_macro   0x00000000000143c8      0x224 ./Drivers/STM32F4xx_HAL_Driver/Src/stm32f4xx_hal.o
 .debug_macro   0x00000000000145ec      0x1c4 ./Drivers/STM32F4xx_HAL_Driver/Src/stm32f4xx_hal_cortex.o
 .debug_macro   0x00000000000147b0      0x1ca ./Drivers/STM32F4xx_HAL_Driver/Src/stm32f4xx_hal_gpio.o
 .debug_macro   0x000000000001497a      0x1e8 ./Drivers/STM32F4xx_HAL_Driver/Src/stm32f4xx_hal_rcc.o
 .debug_macro   0x0000000000014b62      0x1c5 ./Drivers/STM32F4xx_HAL_Driver/Src/stm32f4xx_hal_tim.o
 .debug_macro   0x0000000000014d27      0x1c4 ./Drivers/STM32F4xx_HAL_Driver/Src/stm32f4xx_hal_tim_ex.o

.comment        0x0000000000000000       0x50
 .comment       0x0000000000000000       0x50 ./Core/Src/main.o
                                         0x51 (size before relaxing)
 .comment       0x0000000000000050       0x51 ./Core/Src/stm32f4xx_hal_msp.o
 .comment       0x0000000000000050       0x51 ./Core/Src/stm32f4xx_it.o
 .comment       0x0000000000000050       0x51 ./Core/Src/system_stm32f4xx.o
 .comment       0x0000000000000050       0x51 ./Drivers/STM32F4xx_HAL_Driver/Src/stm32f4xx_hal.o
 .comment       0x0000000000000050       0x51 ./Drivers/STM32F4xx_HAL_Driver/Src/stm32f4xx_hal_cortex.o
 .comment       0x0000000000000050       0x51 ./Drivers/STM32F4xx_HAL_Driver/Src/stm32f4xx_hal_gpio.o
 .comment       0x0000000000000050       0x51 ./Drivers/STM32F4xx_HAL_Driver/Src/stm32f4xx_hal_rcc.o
 .comment       0x0000000000000050       0x51 ./Drivers/STM32F4xx_HAL_Driver/Src/stm32f4xx_hal_tim.o
 .comment       0x0000000000000050       0x51 ./Drivers/STM32F4xx_HAL_Driver/Src/stm32f4xx_hal_tim_ex.o

.debug_frame    0x0000000000000000     0x2928
 .debug_frame   0x0000000000000000      0x170 ./Core/Src/main.o
 .debug_frame   0x0000000000000170       0xac ./Core/Src/stm32f4xx_hal_msp.o
 .debug_frame   0x000000000000021c      0x104 ./Core/Src/stm32f4xx_it.o
 .debug_frame   0x0000000000000320       0x58 ./Core/Src/system_stm32f4xx.o
 .debug_frame   0x0000000000000378      0x374 ./Drivers/STM32F4xx_HAL_Driver/Src/stm32f4xx_hal.o
 .debug_frame   0x00000000000006ec      0x498 ./Drivers/STM32F4xx_HAL_Driver/Src/stm32f4xx_hal_cortex.o
 .debug_frame   0x0000000000000b84      0x14c ./Drivers/STM32F4xx_HAL_Driver/Src/stm32f4xx_hal_gpio.o
 .debug_frame   0x0000000000000cd0      0x1f4 ./Drivers/STM32F4xx_HAL_Driver/Src/stm32f4xx_hal_rcc.o
 .debug_frame   0x0000000000000ec4     0x11bc ./Drivers/STM32F4xx_HAL_Driver/Src/stm32f4xx_hal_tim.o
 .debug_frame   0x0000000000002080      0x638 ./Drivers/STM32F4xx_HAL_Driver/Src/stm32f4xx_hal_tim_ex.o
 .debug_frame   0x00000000000026b8       0x2c c:/st/stm32cubeide_1.12.1/stm32cubeide/plugins/com.st.stm32cube.ide.mcu.externaltools.gnu-tools-for-stm32.10.3-2021.10.win32_1.0.200.202301161003/tools/bin/../lib/gcc/arm-none-eabi/10.3.1/../../../../arm-none-eabi/lib/thumb/v7e-m+fp/hard\libc_nano.a(lib_a-init.o)
 .debug_frame   0x00000000000026e4       0x20 c:/st/stm32cubeide_1.12.1/stm32cubeide/plugins/com.st.stm32cube.ide.mcu.externaltools.gnu-tools-for-stm32.10.3-2021.10.win32_1.0.200.202301161003/tools/bin/../lib/gcc/arm-none-eabi/10.3.1/../../../../arm-none-eabi/lib/thumb/v7e-m+fp/hard\libc_nano.a(lib_a-memset.o)
 .debug_frame   0x0000000000002704       0x30 c:/st/stm32cubeide_1.12.1/stm32cubeide/plugins/com.st.stm32cube.ide.mcu.externaltools.gnu-tools-for-stm32.10.3-2021.10.win32_1.0.200.202301161003/tools/bin/../lib/gcc/arm-none-eabi/10.3.1/thumb/v7e-m+fp/hard\libgcc.a(_arm_muldf3.o)
 .debug_frame   0x0000000000002734       0xac c:/st/stm32cubeide_1.12.1/stm32cubeide/plugins/com.st.stm32cube.ide.mcu.externaltools.gnu-tools-for-stm32.10.3-2021.10.win32_1.0.200.202301161003/tools/bin/../lib/gcc/arm-none-eabi/10.3.1/thumb/v7e-m+fp/hard\libgcc.a(_arm_addsubdf3.o)
 .debug_frame   0x00000000000027e0       0xc4 c:/st/stm32cubeide_1.12.1/stm32cubeide/plugins/com.st.stm32cube.ide.mcu.externaltools.gnu-tools-for-stm32.10.3-2021.10.win32_1.0.200.202301161003/tools/bin/../lib/gcc/arm-none-eabi/10.3.1/thumb/v7e-m+fp/hard\libgcc.a(_arm_cmpdf2.o)
 .debug_frame   0x00000000000028a4       0x24 c:/st/stm32cubeide_1.12.1/stm32cubeide/plugins/com.st.stm32cube.ide.mcu.externaltools.gnu-tools-for-stm32.10.3-2021.10.win32_1.0.200.202301161003/tools/bin/../lib/gcc/arm-none-eabi/10.3.1/thumb/v7e-m+fp/hard\libgcc.a(_arm_fixunsdfsi.o)
 .debug_frame   0x00000000000028c8       0x2c c:/st/stm32cubeide_1.12.1/stm32cubeide/plugins/com.st.stm32cube.ide.mcu.externaltools.gnu-tools-for-stm32.10.3-2021.10.win32_1.0.200.202301161003/tools/bin/../lib/gcc/arm-none-eabi/10.3.1/thumb/v7e-m+fp/hard\libgcc.a(_aeabi_uldivmod.o)
 .debug_frame   0x00000000000028f4       0x34 c:/st/stm32cubeide_1.12.1/stm32cubeide/plugins/com.st.stm32cube.ide.mcu.externaltools.gnu-tools-for-stm32.10.3-2021.10.win32_1.0.200.202301161003/tools/bin/../lib/gcc/arm-none-eabi/10.3.1/thumb/v7e-m+fp/hard\libgcc.a(_udivmoddi4.o)
